// Jest Snapshot v1, https://goo.gl/fbAQLP

exports[`TransferablesTable renders correctly 1`] = `
<div>
  <div
    class="v-card v-sheet v-sheet--outlined theme--light"
  >
    <div
      class="v-data-table v-data-table--has-top v-data-table--has-bottom theme--light"
    >
      <header
        class="v-sheet theme--light v-toolbar v-toolbar--flat"
        style="height: 64px;"
      >
        <div
          class="v-toolbar__content"
          style="height: 64px;"
        >
          <div
            class="v-toolbar__title"
          >
            Transferts
          </div>
           
          <div
            class="spacer"
          />
           
          <transition-stub
            name="scale-transition"
          >
            <button
              class="v-btn v-btn--has-bg theme--light v-size--default primary"
              style="display: none;"
              type="button"
            >
              <span
                class="v-btn__content"
              >
                <span
                  aria-hidden="true"
                  class="v-icon notranslate v-icon--left theme--light"
                >
                  <svg
                    aria-hidden="true"
                    class="v-icon__svg"
                    role="img"
                    viewBox="0 0 24 24"
                    xmlns="http://www.w3.org/2000/svg"
                  >
                    <path
                      d="M17.65,6.35C16.2,4.9 14.21,4 12,4A8,8 0 0,0 4,12A8,8 0 0,0 12,20C15.73,20 18.84,17.45 19.73,14H17.65C16.83,16.33 14.61,18 12,18A6,6 0 0,1 6,12A6,6 0 0,1 12,6C13.66,6 15.14,6.69 16.22,7.78L13,11H20V4L17.65,6.35Z"
                    />
                  </svg>
                </span>
                 Nouveaux fichiers
            
              </span>
            </button>
          </transition-stub>
        </div>
      </header>
      <div
        class="v-data-table__wrapper"
      >
        <table>
          <colgroup>
            <col
              class=""
            />
            <col
              class=""
            />
          </colgroup>
          <thead
            class="v-data-table-header"
          >
            <tr>
              <th
                aria-label="Sith"
                class="text-start"
                role="columnheader"
                scope="col"
              >
                <span>
                  Sith
                </span>
              </th>
              <th
                aria-label="Jedi"
                class="text-start"
                role="columnheader"
                scope="col"
              >
                <span>
                  Jedi
                </span>
              </th>
            </tr>
          </thead>
          <thead>
            <tr
              class="v-data-table__progress"
            >
              <th
                class="column"
                colspan="2"
              >
                <div
                  aria-valuemax="100"
                  aria-valuemin="0"
                  class="v-progress-linear v-progress-linear--absolute v-progress-linear--visible theme--light"
                  role="progressbar"
                  style="height: 4px;"
                >
                  <div
                    class="v-progress-linear__background primary"
                    style="opacity: 0.3; left: 0%; width: 100%;"
                  />
                  <div
                    class="v-progress-linear__buffer"
                  />
                  <transition-stub
                    name="fade-transition"
                  >
                    <div
                      class="v-progress-linear__indeterminate v-progress-linear__indeterminate--active"
                    >
                      <div
                        class="v-progress-linear__indeterminate long primary"
                      />
                      <div
                        class="v-progress-linear__indeterminate short primary"
                      />
                    </div>
                  </transition-stub>
                </div>
              </th>
            </tr>
          </thead>
          <tbody>
            <tr
              class="v-data-table__empty-wrapper"
            >
              <td
                colspan="2"
              >
                Loading items...
              </td>
            </tr>
          </tbody>
        </table>
      </div>
      <div
        loading="true"
        num-pages="0"
      >
        PaginatorControlsStub
      </div>
    </div>
  </div>
</div>
`;
